JAVA_HOME is not set, searching registry for Java.
        / /
     /\/ /   ____
  /\/ /\/ / |  _ \ _ __  _____   __ ___  _ __   __ _  ___
 /  \/\/\/  | |_) | '__|/ _ \ \ / // _ \| '_ \ / _` |/ _ \
 \  /\/\/\  |  __/| |  | (_) \ V /|  __/| | | | (_| | (_) |
  \/\ \/\ \ |_|   |_|   \___/ \_/  \___||_| |_|\__, |\___/
     \/\ \                                     |___/
        \ \

19:07:25.022 INFO [SETUP] We'd love to hear from you! hello@provengo.tech or http://feedback.provengo.tech/
19:07:25.028 INFO [SETUP] Project path: C:\Users\geraw\provengo\BpTestTell\provengo\netbox
19:07:25.043 INFO [RUN] Preparing to run
19:07:26.592 INFO [RUN>random] B-program started
19:07:26.836 INFO [RUN>random] Selected: [POST {lib:"REST", method:"POST", url:"http://localhost:5000/api/extras/notifications/", headers:{Content-Type:"application/json"}, parameters:{description:"Post a list of notification objects. id_3710_5851"}, expectedResponseCodes:[0:201.0 | 1:409.0], callback:{}, body:"{"event_type":"event_type_3710_3797","id":"id_3710_5851","object_id":371037500,"object_type":"object_type_3710_1278","user":"user_3710_7724"}"}]
19:07:27.944 INFO [RUN>random] Selected: [POST {lib:"REST", method:"POST", url:"http://localhost:5000/api/ipam/ip-addresses/", headers:{Content-Type:"application/json"}, parameters:{description:"Post a list of IP address objects. id_4330_7299"}, expectedResponseCodes:[0:201.0 | 1:409.0], callback:{}, body:"{"address":"address_4330_8702","description":"Post a list of IP address objects. id_4330_7299","id":"id_4330_7299"}"}]
19:07:28.505 INFO [RUN>random] Selected: [POST {lib:"REST", method:"POST", url:"http://localhost:5000/api/ipam/fhrp-group-assignments/", headers:{Content-Type:"application/json"}, parameters:{description:"Post a list of FHRP group assignment objects. id_4230_2823"}, expectedResponseCodes:[0:201.0 | 1:409.0], callback:{}, body:"{"group":"group_4230_8501","id":"id_4230_2823","interface_id":423007038,"interface_type":"interface_type_4230_7867","priority":423059600}"}]
19:07:28.882 INFO [RUN>random] Selected: [POST {lib:"REST", method:"POST", url:"http://localhost:5000/api/tenancy/tenant-groups/", headers:{Content-Type:"application/json"}, parameters:{description:"Post a list of tenant group objects. id_5270_6275"}, expectedResponseCodes:[0:201.0 | 1:409.0], callback:{}, body:"{"description":"Post a list of tenant group objects. id_5270_6275","id":"id_5270_6275","name":"name_5270_1766336846684_1675","slug":"slug_5270_9287"}"}]
19:07:29.274 INFO [RUN>random] Selected: [POST {lib:"REST", method:"POST", url:"http://localhost:5000/api/extras/config-templates/322016141/sync/", headers:{Content-Type:"application/json"}, parameters:{description:"Provide a /sync API endpoint to synchronize an object's data from its associated DataFile (if any)."}, expectedResponseCodes:[0:200.0 | 1:409.0], callback:{}, body:"{"description":"Provide a /sync API endpoint to synchronize an object's data from its associated DataFile (if any).","name":"name_3220_1766336846668_949","template_code":"template_code_3220_8107"}"}]
19:07:29.576 WARN [RUN>random] FAIL: A REST call returned the unexpected response code.
actual 201, expected: [200, 409].
19:07:29.576 WARN [RUN>random] ### Switching to test fail mode. ###
19:07:29.691 INFO [RUN>random] Selected: [POST {lib:"REST", method:"POST", url:"http://localhost:5000/api/dcim/console-server-port-templates/", headers:{Content-Type:"application/json"}, parameters:{description:"Post a list of console server port template objects. id_1070_8630"}, expectedResponseCodes:[0:201.0 | 1:409.0], callback:{}, body:"{"description":"Post a list of console server port template objects. id_1070_8630","id":"id_1070_8630","items":["items_1070_3869"],"name":"name_1070_1766336846654_9815"}"}]
19:07:29.902 INFO [RUN>random] Test Fail Mode, skipping actuation
19:07:29.995 INFO [RUN>random] Selected: [POST {lib:"REST", method:"POST", url:"http://localhost:5000/api/ipam/service-templates/", headers:{Content-Type:"application/json"}, parameters:{description:"Post a list of application service template objects. id_4720_325"}, expectedResponseCodes:[0:201.0 | 1:409.0], callback:{}, body:"{"description":"Post a list of application service template objects. id_4720_325","id":"id_4720_325","name":"name_4720_1766336846630_6951","ports":["ports_4720_9661"],"protocol":"protocol_4720_8840"}"}]
19:07:30.314 INFO [RUN>random] Selected: [POST {lib:"REST", method:"POST", url:"http://localhost:5000/api/ipam/asn-ranges/", headers:{Content-Type:"application/json"}, parameters:{description:"Post a list of ASN range objects. id_4120_2521"}, expectedResponseCodes:[0:201.0 | 1:409.0], callback:{}, body:"{"description":"Post a list of ASN range objects. id_4120_2521","end":412028699,"id":"id_4120_2521","name":"name_4120_1766336846631_1545","rir":"rir_4120_9743","slug":"slug_4120_5811","start":412016894}"}]
19:07:30.638 INFO [RUN>random] Selected: [POST {lib:"REST", method:"POST", url:"http://localhost:5000/api/ipam/roles/", headers:{Content-Type:"application/json"}, parameters:{description:"Post a list of role objects. id_4610_8694"}, expectedResponseCodes:[0:201.0 | 1:409.0], callback:{}, body:"{"description":"Post a list of role objects. id_4610_8694","id":"id_4610_8694","name":"name_4610_1766336846692_7519","slug":"slug_4610_3541"}"}]
