JAVA_HOME is not set, searching registry for Java.
        / /
     /\/ /   ____
  /\/ /\/ / |  _ \ _ __  _____   __ ___  _ __   __ _  ___
 /  \/\/\/  | |_) | '__|/ _ \ \ / // _ \| '_ \ / _` |/ _ \
 \  /\/\/\  |  __/| |  | (_) \ V /|  __/| | | | (_| | (_) |
  \/\ \/\ \ |_|   |_|   \___/ \_/  \___||_| |_|\__, |\___/
     \/\ \                                     |___/
        \ \

20:16:50.814 INFO [SETUP] We'd love to hear from you! hello@provengo.tech or http://feedback.provengo.tech/
20:16:50.818 INFO [SETUP] Project path: C:\Users\geraw\provengo\BpTestTell\provengo\netbox
20:16:50.827 INFO [RUN] Preparing to run
20:16:52.120 INFO [RUN>random] B-program started
20:16:52.332 INFO [RUN>random] Selected: [POST {lib:"REST", method:"POST", url:"http://localhost:5000/api/ipam/fhrp-group-assignments/", headers:{Content-Type:"application/json"}, parameters:{description:"Post a list of FHRP group assignment objects. id_4210_7092"}, expectedResponseCodes:[0:201.0 | 1:409.0], callback:{}, body:"{"group":"group_4210_9803","id":"id_4210_7092","interface_id":421057913,"interface_type":"interface_type_4210_5490","priority":421031796}"}]
20:16:53.280 INFO [RUN>random] Selected: [POST {lib:"REST", method:"POST", url:"http://localhost:5000/api/dcim/power-port-templates/", headers:{Content-Type:"application/json"}, parameters:{description:"Post a list of power port template objects. id_2330_3176"}, expectedResponseCodes:[0:201.0 | 1:409.0], callback:{}, body:"{"description":"Post a list of power port template objects. id_2330_3176","id":"id_2330_3176","name":"name_2330_1766341012174_3156"}"}]
20:16:53.738 INFO [RUN>random] Selected: [POST {lib:"REST", method:"POST", url:"http://localhost:5000/api/virtualization/virtual-machines/573033582/render-config/", headers:{Content-Type:"application/json"}, parameters:{description:"Resolve and render the preferred ConfigTemplate for this Device. 573033582"}, expectedResponseCodes:[0:200.0 | 1:409.0], callback:{}, body:"{"description":"Resolve and render the preferred ConfigTemplate for this Device. 573033582","format":"format_5730_2998","name":"name_5730_1766341012179_4945"}"}]
20:16:53.972 WARN [RUN>random] FAIL: A REST call returned the unexpected response code.
actual 201, expected: [200, 409].
20:16:53.973 WARN [RUN>random] ### Switching to test fail mode. ###
20:16:54.071 INFO [RUN>random] Selected: [POST {lib:"REST", method:"POST", url:"http://localhost:5000/api/vpn/ike-proposals/", headers:{Content-Type:"application/json"}, parameters:{description:"Post a list of IKE proposal objects. id_5820_3585"}, expectedResponseCodes:[0:201.0 | 1:409.0], callback:{}, body:"{"authentication_method":"authentication_method_5820_9368","description":"Post a list of IKE proposal objects. id_5820_3585","encryption_algorithm":"encryption_algorithm_5820_1932","group":582071314,"id":"id_5820_3585","name":"name_5820_1766341012228_7858"}"}]
20:16:54.250 INFO [RUN>random] Test Fail Mode, skipping actuation
20:16:54.340 INFO [RUN>random] Selected: [POST {lib:"REST", method:"POST", url:"http://localhost:5000/api/dcim/platforms/", headers:{Content-Type:"application/json"}, parameters:{description:"Post a list of platform objects. id_2070_2260"}, expectedResponseCodes:[0:201.0 | 1:409.0], callback:{}, body:"{"description":"Post a list of platform objects. id_2070_2260","id":"id_2070_2260","name":"name_2070_1766341012223_736","slug":"slug_2070_7397"}"}]
20:16:54.632 INFO [RUN>random] Selected: [POST {lib:"REST", method:"POST", url:"http://localhost:5000/api/extras/table-configs/", headers:{Content-Type:"application/json"}, parameters:{description:"Post a list of table config objects. id_3930_5375"}, expectedResponseCodes:[0:201.0 | 1:409.0], callback:{}, body:"{"columns":["columns_3930_5821"],"description":"Post a list of table config objects. id_3930_5375","id":"id_3930_5375","items":["items_3930_7999"],"name":"name_3930_1766341012245_9497","object_type":"object_type_3930_9069","table":"table_3930_8348"}"}]
