JAVA_HOME is not set, searching registry for Java.
        / /
     /\/ /   ____
  /\/ /\/ / |  _ \ _ __  _____   __ ___  _ __   __ _  ___
 /  \/\/\/  | |_) | '__|/ _ \ \ / // _ \| '_ \ / _` |/ _ \
 \  /\/\/\  |  __/| |  | (_) \ V /|  __/| | | | (_| | (_) |
  \/\ \/\ \ |_|   |_|   \___/ \_/  \___||_| |_|\__, |\___/
     \/\ \                                     |___/
        \ \

19:01:04.844 INFO [SETUP] We'd love to hear from you! hello@provengo.tech or http://feedback.provengo.tech/
19:01:04.848 INFO [SETUP] Project path: C:\Users\geraw\provengo\BpTestTell\provengo\netbox
19:01:04.856 INFO [RUN] Preparing to run
19:01:06.154 INFO [RUN>random] B-program started
19:01:06.366 INFO [RUN>random] Selected: [POST {lib:"REST", method:"POST", url:"http://localhost:5000/api/circuits/virtual-circuit-terminations/", headers:{Content-Type:"application/json"}, parameters:{description:"Post a list of virtual circuit termination objects. id_630_4684"}, expectedResponseCodes:[0:201.0 | 1:409.0], callback:{}, body:"{"description":"Post a list of virtual circuit termination objects. id_630_4684","id":"id_630_4684","interface":"interface_630_914","virtual_circuit":"virtual_circuit_630_8092"}"}]
19:01:07.199 INFO [RUN>random] Selected: [POST {lib:"REST", method:"POST", url:"http://localhost:5000/api/extras/webhooks/", headers:{Content-Type:"application/json"}, parameters:{description:"Post a list of webhook objects. id_4030_7262"}, expectedResponseCodes:[0:201.0 | 1:409.0], callback:{}, body:"{"description":"Post a list of webhook objects. id_4030_7262","id":"id_4030_7262","name":"name_4030_1766336466246_7528","payload_url":"payload_url_4030_4664"}"}]
19:01:07.583 INFO [RUN>random] Selected: [POST {lib:"REST", method:"POST", url:"http://localhost:5000/api/dcim/inventory-item-templates/", headers:{Content-Type:"application/json"}, parameters:{description:"Post a list of inventory item template objects. id_1680_7618"}, expectedResponseCodes:[0:201.0 | 1:409.0], callback:{}, body:"{"description":"Post a list of inventory item template objects. id_1680_7618","device_type":"device_type_1680_2568","id":"id_1680_7618","items":["items_1680_9168"],"name":"name_1680_1766336466223_1477"}"}]
19:01:07.888 INFO [RUN>random] Selected: [POST {lib:"REST", method:"POST", url:"http://localhost:5000/api/ipam/vlan-translation-rules/", headers:{Content-Type:"application/json"}, parameters:{description:"Post a list of VLAN translation rule objects. id_4910_7887"}, expectedResponseCodes:[0:201.0 | 1:409.0], callback:{}, body:"{"description":"Post a list of VLAN translation rule objects. id_4910_7887","id":"id_4910_7887","local_vid":491025936,"policy":491035164,"remote_vid":491013167}"}]
19:01:08.175 INFO [RUN>random] Selected: [POST {lib:"REST", method:"POST", url:"http://localhost:5000/api/extras/custom-links/", headers:{Content-Type:"application/json"}, parameters:{description:"Post a list of custom link objects. id_3420_3770"}, expectedResponseCodes:[0:201.0 | 1:409.0], callback:{}, body:"{"id":"id_3420_3770","link_text":"link_text_3420_7172","link_url":"link_url_3420_7593","name":"name_3420_1766336466270_3908","object_types":["object_types_3420_1021"]}"}]
19:01:08.459 INFO [RUN>random] Selected: [POST {lib:"REST", method:"POST", url:"http://localhost:5000/api/dcim/device-types/", headers:{Content-Type:"application/json"}, parameters:{description:"Post a list of device type objects. id_1320_5853"}, expectedResponseCodes:[0:201.0 | 1:409.0], callback:{}, body:"{"description":"Post a list of device type objects. id_1320_5853","id":"id_1320_5853","manufacturer":"manufacturer_1320_9448","model":"model_1320_1811","slug":"slug_1320_8933"}"}]
19:01:08.748 INFO [RUN>random] Selected: [POST {lib:"REST", method:"POST", url:"http://localhost:5000/api/extras/custom-fields/", headers:{Content-Type:"application/json"}, parameters:{description:"Post a list of custom field objects. id_3380_3699"}, expectedResponseCodes:[0:201.0 | 1:409.0], callback:{}, body:"{"description":"Post a list of custom field objects. id_3380_3699","id":"id_3380_3699","name":"name_3380_1766336466265_5667","object_types":["object_types_3380_4021"]}"}]
19:01:09.036 INFO [RUN>random] Selected: [POST {lib:"REST", method:"POST", url:"http://localhost:5000/api/extras/custom-fields/", headers:{Content-Type:"application/json"}, parameters:{description:"Post a list of custom field objects. id_3370_1874"}, expectedResponseCodes:[0:201.0 | 1:409.0], callback:{}, body:"{"description":"Post a list of custom field objects. id_3370_1874","id":"id_3370_1874","name":"name_3370_1766336466259_389","object_types":["object_types_3370_6865"]}"}]
19:01:09.328 INFO [RUN>random] Selected: [POST {lib:"REST", method:"POST", url:"http://localhost:5000/api/virtualization/cluster-groups/", headers:{Content-Type:"application/json"}, parameters:{description:"Post a list of cluster group objects. 558081703"}, expectedResponseCodes:[0:201.0 | 1:409.0], callback:{}, body:"{"clusterGroup":"clusterGroup_5580_4664","description":"Post a list of cluster group objects. 558081703","id":558081703,"name":"name_5580_1766336466219_2320","slug":"slug_5580_8270"}"}]
19:01:09.608 INFO [RUN>random] Selected: [POST {lib:"REST", method:"POST", url:"http://localhost:5000/api/dcim/virtual-chassis/", headers:{Content-Type:"application/json"}, parameters:{description:"Post a list of virtual chassis objects. id_2880_990"}, expectedResponseCodes:[0:201.0 | 1:409.0], callback:{}, body:"{"description":"Post a list of virtual chassis objects. id_2880_990","id":"id_2880_990","name":"name_2880_1766336466235_3451"}"}]
19:01:09.891 INFO [RUN>random] Selected: [POST {lib:"REST", method:"POST", url:"http://localhost:5000/api/extras/event-rules/", headers:{Content-Type:"application/json"}, parameters:{description:"Post a list of event rule objects. id_3480_9819"}, expectedResponseCodes:[0:201.0 | 1:409.0], callback:{}, body:"{"action_object_type":"action_object_type_3480_6219","description":"Post a list of event rule objects. id_3480_9819","event_types":["event_types_3480_2892"],"id":"id_3480_9819","name":"name_3480_1766336466215_5865","object_types":["object_types_3480_2839"]}"}]
19:01:10.180 INFO [RUN>random] Selected: [POST {lib:"REST", method:"POST", url:"http://localhost:5000/api/extras/config-context-profiles/307086118/sync/", headers:{Content-Type:"application/json"}, parameters:{description:"Provide a /sync API endpoint to synchronize an object's data from its associated DataFile (if any)."}, expectedResponseCodes:[0:200.0 | 1:409.0], callback:{}, body:"{"description":"Provide a /sync API endpoint to synchronize an object's data from its associated DataFile (if any).","name":"name_3070_1766336466227_2986"}"}]
19:01:10.388 WARN [RUN>random] FAIL: A REST call returned the unexpected response code.
actual 201, expected: [200, 409].
19:01:10.388 WARN [RUN>random] ### Switching to test fail mode. ###
19:01:10.479 INFO [RUN>random] Selected: [POST {lib:"REST", method:"POST", url:"http://localhost:5000/api/ipam/vlan-translation-policies/", headers:{Content-Type:"application/json"}, parameters:{description:"Post a list of VLAN translation policy objects. id_4870_4572"}, expectedResponseCodes:[0:201.0 | 1:409.0], callback:{}, body:"{"description":"Post a list of VLAN translation policy objects. id_4870_4572","id":"id_4870_4572","name":"name_4870_1766336466206_3098"}"}]
19:01:10.683 INFO [RUN>random] Test Fail Mode, skipping actuation
19:01:10.766 INFO [RUN>random] Selected: [POST {lib:"REST", method:"POST", url:"http://localhost:5000/api/vpn/ipsec-proposals/", headers:{Content-Type:"application/json"}, parameters:{description:"Post a list of IPSec proposal objects. id_5970_7393"}, expectedResponseCodes:[0:201.0 | 1:409.0], callback:{}, body:"{"description":"Post a list of IPSec proposal objects. id_5970_7393","id":"id_5970_7393","name":"name_5970_1766336466261_8851"}"}]
