Restler Information: 0 : Starting task Fuzz...
    DateTime=2025-12-21T20:17:45.2904219Z
Restler Information: 0 : Launching 'python.exe --version'
    DateTime=2025-12-21T20:17:45.7684558Z
Restler Information: 0 : Process execution terminated in 00:00:00.0317923 with exit code 0x0: 'python.exe --version'
    DateTime=2025-12-21T20:17:45.8044335Z
Restler Information: 0 : (17512) python.exe --version exited with code: 0
    DateTime=2025-12-21T20:17:45.8088093Z
Restler Information: 0 : Launching 'python.exe -B "D:\Yeshayahu\restler-fuzzer\restler_bin\restler\../engine/restler.py" --restler_grammar "D:\Yeshayahu\BpTestTell\Restler\pharmacy\Compile\grammar.py" --custom_mutations "D:\Yeshayahu\BpTestTell\Restler\pharmacy\Compile\dict.json" --set_version 9.3.1    --no_ssl   --settings "D:\Yeshayahu\BpTestTell\Restler\pharmacy\Compile\engine_settings.json" --enable_checkers * --disable_checkers namespacerule --time_budget 1.000000   --include_user_agent --no_tokens_in_logs t --garbage_collection_interval 30 --fuzzing_mode bfs-cheap'
    DateTime=2025-12-21T20:17:45.8181692Z
Restler Information: 0 : Process execution terminated in 01:00:22.4294243 with exit code 0x0: 'python.exe -B "D:\Yeshayahu\restler-fuzzer\restler_bin\restler\../engine/restler.py" --restler_grammar "D:\Yeshayahu\BpTestTell\Restler\pharmacy\Compile\grammar.py" --custom_mutations "D:\Yeshayahu\BpTestTell\Restler\pharmacy\Compile\dict.json" --set_version 9.3.1    --no_ssl   --settings "D:\Yeshayahu\BpTestTell\Restler\pharmacy\Compile\engine_settings.json" --enable_checkers * --disable_checkers namespacerule --time_budget 1.000000   --include_user_agent --no_tokens_in_logs t --garbage_collection_interval 30 --fuzzing_mode bfs-cheap'
    DateTime=2025-12-21T21:18:08.2478960Z
Restler Information: 0 : (9720) python.exe -B "D:\Yeshayahu\restler-fuzzer\restler_bin\restler\../engine/restler.py" --restler_grammar "D:\Yeshayahu\BpTestTell\Restler\pharmacy\Compile\grammar.py" --custom_mutations "D:\Yeshayahu\BpTestTell\Restler\pharmacy\Compile\dict.json" --set_version 9.3.1    --no_ssl   --settings "D:\Yeshayahu\BpTestTell\Restler\pharmacy\Compile\engine_settings.json" --enable_checkers * --disable_checkers namespacerule --time_budget 1.000000   --include_user_agent --no_tokens_in_logs t --garbage_collection_interval 30 --fuzzing_mode bfs-cheap exited with code: 0
    DateTime=2025-12-21T21:18:08.2481473Z
Restler Information: 0 : Launching 'dotnet "D:\Yeshayahu\restler-fuzzer\restler_bin\restler\../resultsAnalyzer/Restler.ResultsAnalyzer.dll" analyze "D:\Yeshayahu\BpTestTell\Restler\pharmacy\Fuzz" --output_dir "D:\Yeshayahu\BpTestTell\Restler\pharmacy\Fuzz\ResponseBuckets" --dictionary_file "D:\Yeshayahu\BpTestTell\Restler\pharmacy\Compile\dict.json" --max_instances_per_bucket 10'
    DateTime=2025-12-21T21:18:08.2630103Z
Restler Information: 0 : Process execution terminated in 00:00:00.2423896 with exit code 0x0: 'dotnet "D:\Yeshayahu\restler-fuzzer\restler_bin\restler\../resultsAnalyzer/Restler.ResultsAnalyzer.dll" analyze "D:\Yeshayahu\BpTestTell\Restler\pharmacy\Fuzz" --output_dir "D:\Yeshayahu\BpTestTell\Restler\pharmacy\Fuzz\ResponseBuckets" --dictionary_file "D:\Yeshayahu\BpTestTell\Restler\pharmacy\Compile\dict.json" --max_instances_per_bucket 10'
    DateTime=2025-12-21T21:18:08.5055067Z
Restler Information: 0 : (22876) dotnet "D:\Yeshayahu\restler-fuzzer\restler_bin\restler\../resultsAnalyzer/Restler.ResultsAnalyzer.dll" analyze "D:\Yeshayahu\BpTestTell\Restler\pharmacy\Fuzz" --output_dir "D:\Yeshayahu\BpTestTell\Restler\pharmacy\Fuzz\ResponseBuckets" --dictionary_file "D:\Yeshayahu\BpTestTell\Restler\pharmacy\Compile\dict.json" --max_instances_per_bucket 10 exited with code: 0
    DateTime=2025-12-21T21:18:08.5055664Z
Restler Information: 0 : Request coverage (successful / total): 0 / 25
    DateTime=2025-12-21T21:18:08.5625419Z
Restler Information: 0 : Attempted requests: 0 / 25
    DateTime=2025-12-21T21:18:08.5627290Z
Restler Information: 0 : No bugs were found.
    DateTime=2025-12-21T21:18:08.5641363Z
Restler Information: 0 : Task Fuzz succeeded.
    DateTime=2025-12-21T21:18:08.5681442Z
Restler Information: 0 : Collecting logs...
    DateTime=2025-12-21T21:18:08.9380160Z
