HLS NONDET verification started
[WARN] No 'story(' found in "C:\work\Yeshayahu\BpTestTell\artifacts\hls_nondet\stories_hls.js"
[WARN] No 'story(' found in "C:\work\Yeshayahu\BpTestTell\artifacts\hls_nondet\7_suts_llm_provider\stories_hls.js"
[WARN] No 'story(' found in "C:\work\Yeshayahu\BpTestTell\artifacts\hls_nondet\7_suts_llm_provider\banking\stories_hls.js"
[WARN] No 'story(' found in "C:\work\Yeshayahu\BpTestTell\artifacts\hls_nondet\7_suts_llm_provider\banking\readable\stories_hls.js"
[WARN] No 'story(' found in "C:\work\Yeshayahu\BpTestTell\artifacts\hls_nondet\7_suts_llm_provider\config_control\stories_hls.js"
[WARN] No 'story(' found in "C:\work\Yeshayahu\BpTestTell\artifacts\hls_nondet\7_suts_llm_provider\config_control\readable\stories_hls.js"
[WARN] No 'story(' found in "C:\work\Yeshayahu\BpTestTell\artifacts\hls_nondet\7_suts_llm_provider\ecommerce\stories_hls.js"
[WARN] No 'story(' found in "C:\work\Yeshayahu\BpTestTell\artifacts\hls_nondet\7_suts_llm_provider\ecommerce\readable\stories_hls.js"
[WARN] No 'story(' found in "C:\work\Yeshayahu\BpTestTell\artifacts\hls_nondet\7_suts_llm_provider\factory\stories_hls.js"
[WARN] No 'story(' found in "C:\work\Yeshayahu\BpTestTell\artifacts\hls_nondet\7_suts_llm_provider\factory\readable\stories_hls.js"
[WARN] No 'story(' found in "C:\work\Yeshayahu\BpTestTell\artifacts\hls_nondet\7_suts_llm_provider\garage\stories_hls.js"
[WARN] No 'story(' found in "C:\work\Yeshayahu\BpTestTell\artifacts\hls_nondet\7_suts_llm_provider\garage\readable\stories_hls.js"
[WARN] No 'story(' found in "C:\work\Yeshayahu\BpTestTell\artifacts\hls_nondet\7_suts_llm_provider\library\stories_hls.js"
[WARN] No 'story(' found in "C:\work\Yeshayahu\BpTestTell\artifacts\hls_nondet\7_suts_llm_provider\library\readable\stories_hls.js"
[WARN] No 'story(' found in "C:\work\Yeshayahu\BpTestTell\artifacts\hls_nondet\7_suts_llm_provider\pharmacy\stories_hls.js"
[WARN] No 'story(' found in "C:\work\Yeshayahu\BpTestTell\artifacts\hls_nondet\7_suts_llm_provider\pharmacy\readable\stories_hls.js"
[WARN] No 'story(' found in "C:\work\Yeshayahu\BpTestTell\artifacts\hls_nondet\real_world_llm_provider\stories_hls.js"
[WARN] No 'story(' found in "C:\work\Yeshayahu\BpTestTell\artifacts\hls_nondet\real_world_llm_provider\directus\stories_hls.js"
[WARN] No 'story(' found in "C:\work\Yeshayahu\BpTestTell\artifacts\hls_nondet\real_world_llm_provider\directus\readable\stories_hls.js"
[WARN] No 'story(' found in "C:\work\Yeshayahu\BpTestTell\artifacts\hls_nondet\real_world_llm_provider\gitea\stories_hls.js"
[WARN] No 'story(' found in "C:\work\Yeshayahu\BpTestTell\artifacts\hls_nondet\real_world_llm_provider\gitea\readable\stories_hls.js"
[WARN] No 'story(' found in "C:\work\Yeshayahu\BpTestTell\artifacts\hls_nondet\real_world_llm_provider\github\stories_hls.js"
[OK] "C:\work\Yeshayahu\BpTestTell\artifacts\hls_nondet\real_world_llm_provider\github\readable\stories_hls.js"
[WARN] No 'story(' found in "C:\work\Yeshayahu\BpTestTell\artifacts\hls_nondet\real_world_llm_provider\jira_cloud\stories_hls.js"
[WARN] No 'story(' found in "C:\work\Yeshayahu\BpTestTell\artifacts\hls_nondet\real_world_llm_provider\jira_cloud\readable\stories_hls.js"
[WARN] No 'story(' found in "C:\work\Yeshayahu\BpTestTell\artifacts\hls_nondet\real_world_llm_provider\keycloak_admin\stories_hls.js"
[WARN] No 'story(' found in "C:\work\Yeshayahu\BpTestTell\artifacts\hls_nondet\real_world_llm_provider\keycloak_admin\readable\stories_hls.js"
[WARN] No 'story(' found in "C:\work\Yeshayahu\BpTestTell\artifacts\hls_nondet\real_world_llm_provider\meilisearch\stories_hls.js"
[WARN] No 'story(' found in "C:\work\Yeshayahu\BpTestTell\artifacts\hls_nondet\real_world_llm_provider\meilisearch\readable\stories_hls.js"
[WARN] No 'story(' found in "C:\work\Yeshayahu\BpTestTell\artifacts\hls_nondet\real_world_llm_provider\netbox\stories_hls.js"
[WARN] No 'story(' found in "C:\work\Yeshayahu\BpTestTell\artifacts\hls_nondet\real_world_llm_provider\netbox\readable\stories_hls.js"
[WARN] No 'story(' found in "C:\work\Yeshayahu\BpTestTell\artifacts\hls_nondet\real_world_llm_provider\trello\stories_hls.js"
[WARN] No 'story(' found in "C:\work\Yeshayahu\BpTestTell\artifacts\hls_nondet\real_world_llm_provider\trello\readable\stories_hls.js"
[WARN] No 'story(' found in "C:\work\Yeshayahu\BpTestTell\artifacts\hls_nondet\real_world_llm_provider\twilio\stories_hls.js"
[WARN] No 'story(' found in "C:\work\Yeshayahu\BpTestTell\artifacts\hls_nondet\real_world_llm_provider\twilio\readable\stories_hls.js"
[WARN] No 'story(' found in "C:\work\Yeshayahu\BpTestTell\artifacts\hls_nondet\real_world_llm_provider\zulip\stories_hls.js"
[WARN] No 'story(' found in "C:\work\Yeshayahu\BpTestTell\artifacts\hls_nondet\real_world_llm_provider\zulip\readable\stories_hls.js"
Files checked: 37  OK: 1  WARN: 36
