=== stories_hls.js scan (parseInt / Number( / isNaN / coercion / pk / id) ===
[FILE] C:\work\Yeshayahu\BpTestTell\artifacts\stories_hls.js
[FILE] C:\work\Yeshayahu\BpTestTell\artifacts\analysis\stories_hls.js
[FILE] C:\work\Yeshayahu\BpTestTell\artifacts\analysis\7_suts_llm_provider\stories_hls.js
[FILE] C:\work\Yeshayahu\BpTestTell\artifacts\analysis\7_suts_llm_provider\banking\stories_hls.js
[FILE] C:\work\Yeshayahu\BpTestTell\artifacts\analysis\7_suts_llm_provider\config_control\stories_hls.js
[FILE] C:\work\Yeshayahu\BpTestTell\artifacts\analysis\7_suts_llm_provider\ecommerce\stories_hls.js
[FILE] C:\work\Yeshayahu\BpTestTell\artifacts\analysis\7_suts_llm_provider\factory\stories_hls.js
[FILE] C:\work\Yeshayahu\BpTestTell\artifacts\analysis\7_suts_llm_provider\garage\stories_hls.js
[FILE] C:\work\Yeshayahu\BpTestTell\artifacts\analysis\7_suts_llm_provider\library\stories_hls.js
[FILE] C:\work\Yeshayahu\BpTestTell\artifacts\analysis\7_suts_llm_provider\pharmacy\stories_hls.js
[FILE] C:\work\Yeshayahu\BpTestTell\artifacts\analysis\real_world_llm_provider\stories_hls.js
[FILE] C:\work\Yeshayahu\BpTestTell\artifacts\analysis\real_world_llm_provider\directus\stories_hls.js
[FILE] C:\work\Yeshayahu\BpTestTell\artifacts\analysis\real_world_llm_provider\gitea\stories_hls.js
[FILE] C:\work\Yeshayahu\BpTestTell\artifacts\analysis\real_world_llm_provider\github\stories_hls.js
[FILE] C:\work\Yeshayahu\BpTestTell\artifacts\analysis\real_world_llm_provider\jira_cloud\stories_hls.js
[FILE] C:\work\Yeshayahu\BpTestTell\artifacts\analysis\real_world_llm_provider\keycloak_admin\stories_hls.js
[FILE] C:\work\Yeshayahu\BpTestTell\artifacts\analysis\real_world_llm_provider\meilisearch\stories_hls.js
[FILE] C:\work\Yeshayahu\BpTestTell\artifacts\analysis\real_world_llm_provider\netbox\stories_hls.js
[FILE] C:\work\Yeshayahu\BpTestTell\artifacts\analysis\real_world_llm_provider\trello\stories_hls.js
[FILE] C:\work\Yeshayahu\BpTestTell\artifacts\analysis\real_world_llm_provider\twilio\stories_hls.js
[FILE] C:\work\Yeshayahu\BpTestTell\artifacts\analysis\real_world_llm_provider\zulip\stories_hls.js
[FILE] C:\work\Yeshayahu\BpTestTell\artifacts\det_checked\stories_hls.js
[FILE] C:\work\Yeshayahu\BpTestTell\artifacts\det_checked\7_suts_llm_provider\stories_hls.js
[FILE] C:\work\Yeshayahu\BpTestTell\artifacts\det_checked\7_suts_llm_provider\banking\stories_hls.js
[FILE] C:\work\Yeshayahu\BpTestTell\artifacts\det_checked\7_suts_llm_provider\banking\banking_shards\stories_hls.js
[FILE] C:\work\Yeshayahu\BpTestTell\artifacts\det_checked\7_suts_llm_provider\banking\readable\stories_hls.js
[FILE] C:\work\Yeshayahu\BpTestTell\artifacts\det_checked\7_suts_llm_provider\config_control\stories_hls.js
[FILE] C:\work\Yeshayahu\BpTestTell\artifacts\det_checked\7_suts_llm_provider\config_control\config_control_shards\stories_hls.js
[FILE] C:\work\Yeshayahu\BpTestTell\artifacts\det_checked\7_suts_llm_provider\config_control\readable\stories_hls.js
[FILE] C:\work\Yeshayahu\BpTestTell\artifacts\det_checked\7_suts_llm_provider\ecommerce\stories_hls.js
[FILE] C:\work\Yeshayahu\BpTestTell\artifacts\det_checked\7_suts_llm_provider\ecommerce\ecommerce_shards\stories_hls.js
[FILE] C:\work\Yeshayahu\BpTestTell\artifacts\det_checked\7_suts_llm_provider\ecommerce\readable\stories_hls.js
[FILE] C:\work\Yeshayahu\BpTestTell\artifacts\det_checked\7_suts_llm_provider\factory\stories_hls.js
[FILE] C:\work\Yeshayahu\BpTestTell\artifacts\det_checked\7_suts_llm_provider\factory\factory_shards\stories_hls.js
[FILE] C:\work\Yeshayahu\BpTestTell\artifacts\det_checked\7_suts_llm_provider\factory\readable\stories_hls.js
[FILE] C:\work\Yeshayahu\BpTestTell\artifacts\det_checked\7_suts_llm_provider\garage\stories_hls.js
[FILE] C:\work\Yeshayahu\BpTestTell\artifacts\det_checked\7_suts_llm_provider\garage\garage_shards\stories_hls.js
[FILE] C:\work\Yeshayahu\BpTestTell\artifacts\det_checked\7_suts_llm_provider\garage\readable\stories_hls.js
[FILE] C:\work\Yeshayahu\BpTestTell\artifacts\det_checked\7_suts_llm_provider\library\stories_hls.js
[FILE] C:\work\Yeshayahu\BpTestTell\artifacts\det_checked\7_suts_llm_provider\library\library_shards\stories_hls.js
[FILE] C:\work\Yeshayahu\BpTestTell\artifacts\det_checked\7_suts_llm_provider\library\readable\stories_hls.js
[FILE] C:\work\Yeshayahu\BpTestTell\artifacts\det_checked\7_suts_llm_provider\pharmacy\stories_hls.js
[FILE] C:\work\Yeshayahu\BpTestTell\artifacts\det_checked\7_suts_llm_provider\pharmacy\pharmacy_shards\stories_hls.js
[FILE] C:\work\Yeshayahu\BpTestTell\artifacts\det_checked\7_suts_llm_provider\pharmacy\readable\stories_hls.js
[FILE] C:\work\Yeshayahu\BpTestTell\artifacts\det_checked\real_world_llm_provider\stories_hls.js
[FILE] C:\work\Yeshayahu\BpTestTell\artifacts\det_checked\real_world_llm_provider\directus\stories_hls.js
[FILE] C:\work\Yeshayahu\BpTestTell\artifacts\det_checked\real_world_llm_provider\directus\directus_shards\stories_hls.js
[FILE] C:\work\Yeshayahu\BpTestTell\artifacts\det_checked\real_world_llm_provider\directus\readable\stories_hls.js
[FILE] C:\work\Yeshayahu\BpTestTell\artifacts\det_checked\real_world_llm_provider\gitea\stories_hls.js
[FILE] C:\work\Yeshayahu\BpTestTell\artifacts\det_checked\real_world_llm_provider\gitea\gitea_shards\stories_hls.js
[FILE] C:\work\Yeshayahu\BpTestTell\artifacts\det_checked\real_world_llm_provider\gitea\readable\stories_hls.js
[FILE] C:\work\Yeshayahu\BpTestTell\artifacts\det_checked\real_world_llm_provider\github\stories_hls.js
[FILE] C:\work\Yeshayahu\BpTestTell\artifacts\det_checked\real_world_llm_provider\github\github_shards\stories_hls.js
[FILE] C:\work\Yeshayahu\BpTestTell\artifacts\det_checked\real_world_llm_provider\github\readable\stories_hls.js
[FILE] C:\work\Yeshayahu\BpTestTell\artifacts\det_checked\real_world_llm_provider\jira_cloud\stories_hls.js
[FILE] C:\work\Yeshayahu\BpTestTell\artifacts\det_checked\real_world_llm_provider\jira_cloud\jira_cloud_shards\stories_hls.js
[FILE] C:\work\Yeshayahu\BpTestTell\artifacts\det_checked\real_world_llm_provider\jira_cloud\readable\stories_hls.js
[FILE] C:\work\Yeshayahu\BpTestTell\artifacts\det_checked\real_world_llm_provider\keycloak_admin\stories_hls.js
[FILE] C:\work\Yeshayahu\BpTestTell\artifacts\det_checked\real_world_llm_provider\keycloak_admin\keycloak_admin_shards\stories_hls.js
[FILE] C:\work\Yeshayahu\BpTestTell\artifacts\det_checked\real_world_llm_provider\keycloak_admin\readable\stories_hls.js
[FILE] C:\work\Yeshayahu\BpTestTell\artifacts\det_checked\real_world_llm_provider\meilisearch\stories_hls.js
[FILE] C:\work\Yeshayahu\BpTestTell\artifacts\det_checked\real_world_llm_provider\meilisearch\meilisearch_shards\stories_hls.js
[FILE] C:\work\Yeshayahu\BpTestTell\artifacts\det_checked\real_world_llm_provider\meilisearch\readable\stories_hls.js
[FILE] C:\work\Yeshayahu\BpTestTell\artifacts\det_checked\real_world_llm_provider\netbox\stories_hls.js
[FILE] C:\work\Yeshayahu\BpTestTell\artifacts\det_checked\real_world_llm_provider\netbox\netbox_shards\stories_hls.js
[FILE] C:\work\Yeshayahu\BpTestTell\artifacts\det_checked\real_world_llm_provider\netbox\readable\stories_hls.js
[FILE] C:\work\Yeshayahu\BpTestTell\artifacts\det_checked\real_world_llm_provider\stripe\stories_hls.js
[FILE] C:\work\Yeshayahu\BpTestTell\artifacts\det_checked\real_world_llm_provider\stripe\readable\stories_hls.js
